src/components/api/ApiKeyManager.tsx(5,10): error TS2305: Module '"../settings/AdminSystem"' has no exported member 'AdminSystem'.
src/components/index.ts(7,10): error TS2305: Module '"./settings/AdminSystem"' has no exported member 'default'.
src/components/layout/ChatSidebar.tsx(2195,73): error TS2339: Property 'creditCost' does not exist on type 'ChatModel'.
src/components/layout/ChatSidebar.tsx(2195,114): error TS2339: Property 'creditCost' does not exist on type 'ChatModel'.
src/components/settings/ApiSettingsView.tsx(117,26): error TS2339: Property 'managementApi' does not exist on type 'ThirdPartyProvider'.
src/components/settings/ApiSettingsView.tsx(131,34): error TS2345: Argument of type '{ name: string; baseUrl: string; apiKey: string; models: string[]; format: "auto" | "openai" | "gemini"; }' is not assignable to parameter of type 'Omit<ThirdPartyProvider, "id" | "usage" | "status" | "createdAt" | "updatedAt">'.
  Property 'isActive' is missing in type '{ name: string; baseUrl: string; apiKey: string; models: string[]; format: "auto" | "openai" | "gemini"; }' but required in type 'Omit<ThirdPartyProvider, "id" | "usage" | "status" | "createdAt" | "updatedAt">'.
src/components/settings/ApiSettingsView.tsx(158,34): error TS2345: Argument of type '{ name: string; baseUrl: string; apiKey: string; models: string[]; format: "auto" | "openai" | "gemini"; }' is not assignable to parameter of type 'Omit<ThirdPartyProvider, "id" | "usage" | "status" | "createdAt" | "updatedAt">'.
  Property 'isActive' is missing in type '{ name: string; baseUrl: string; apiKey: string; models: string[]; format: "auto" | "openai" | "gemini"; }' but required in type 'Omit<ThirdPartyProvider, "id" | "usage" | "status" | "createdAt" | "updatedAt">'.
src/components/settings/ApiSettingsView.tsx(267,13): error TS2322: Type '{ key: string; slots: KeySlot[]; isLoading: boolean; onAdd: () => void; onEdit: Dispatch<SetStateAction<KeySlot | null>>; onRefresh: () => void; }' is not assignable to type 'IntrinsicAttributes & { slots: KeySlot[]; onAdd: () => void; onEdit: (slot: KeySlot) => void; onRefresh: () => void; }'.
  Property 'isLoading' does not exist on type 'IntrinsicAttributes & { slots: KeySlot[]; onAdd: () => void; onEdit: (slot: KeySlot) => void; onRefresh: () => void; }'.
src/components/settings/ApiSettingsView.tsx(277,13): error TS2322: Type '{ key: string; proxySlots: KeySlot[]; providers: ProviderWithManagement[]; isLoading: boolean; onAdd: () => void; onEditProvider: Dispatch<SetStateAction<ProviderWithManagement | null>>; onEditSlot: Dispatch<...>; onDeleteProvider: (id: string) => Promise<...>; onDeleteSlot: (id: string) => void; onRefresh: () => vo...' is not assignable to type 'IntrinsicAttributes & { proxySlots: KeySlot[]; providers: ProviderWithManagement[]; onAdd: () => void; onEditProvider: (provider: ProviderWithManagement) => void; onEditSlot: (slot: KeySlot) => void; onDeleteProvider: (id: string) => void; onDeleteSlot: (id: string) => void; onRefresh: () => void; }'.
  Property 'isLoading' does not exist on type 'IntrinsicAttributes & { proxySlots: KeySlot[]; providers: ProviderWithManagement[]; onAdd: () => void; onEditProvider: (provider: ProviderWithManagement) => void; onEditSlot: (slot: KeySlot) => void; onDeleteProvider: (id: string) => void; onDeleteSlot: (id: string) => void; onRefresh: () => void; }'.
src/components/settings/ApiSettingsView.tsx(355,7): error TS2353: Object literal may only specify known properties, and 'isPreset' does not exist in type 'ProviderWithManagement'.
src/components/settings/ApiSettingsView.tsx(458,9): error TS2322: Type '{ hidden: { opacity: number; y: number; }; visible: { opacity: number; y: number; transition: { duration: number; ease: number[]; }; }; }' is not assignable to type 'Variants'.
  Property 'visible' is incompatible with index signature.
    Type '{ opacity: number; y: number; transition: { duration: number; ease: number[]; }; }' is not assignable to type 'Variant'.
      Type '{ opacity: number; y: number; transition: { duration: number; ease: number[]; }; }' is not assignable to type 'TargetAndTransition'.
        Type '{ opacity: number; y: number; transition: { duration: number; ease: number[]; }; }' is not assignable to type '{ transition?: Transition<any> | undefined; transitionEnd?: ResolvedValues$1 | undefined; }'.
          Types of property 'transition' are incompatible.
            Type '{ duration: number; ease: number[]; }' is not assignable to type 'Transition<any> | undefined'.
              Type '{ duration: number; ease: number[]; }' is not assignable to type 'TransitionWithValueOverrides<any>'.
                Type '{ duration: number; ease: number[]; }' is not assignable to type 'ValueAnimationTransition<any>'.
                  Types of property 'ease' are incompatible.
                    Type 'number[]' is not assignable to type 'Easing | Easing[] | undefined'.
                      Type 'number[]' is not assignable to type 'EasingFunction | Easing[]'.
                        Type 'number[]' is not assignable to type 'Easing[]'.
                          Type 'number' is not assignable to type 'Easing'.
src/components/settings/ApiSettingsView.tsx(492,9): error TS2322: Type '{ hidden: { opacity: number; y: number; }; visible: { opacity: number; y: number; transition: { duration: number; ease: number[]; }; }; }' is not assignable to type 'Variants'.
  Property 'visible' is incompatible with index signature.
    Type '{ opacity: number; y: number; transition: { duration: number; ease: number[]; }; }' is not assignable to type 'Variant'.
      Type '{ opacity: number; y: number; transition: { duration: number; ease: number[]; }; }' is not assignable to type 'TargetAndTransition'.
        Type '{ opacity: number; y: number; transition: { duration: number; ease: number[]; }; }' is not assignable to type '{ transition?: Transition<any> | undefined; transitionEnd?: ResolvedValues$1 | undefined; }'.
          Types of property 'transition' are incompatible.
            Type '{ duration: number; ease: number[]; }' is not assignable to type 'Transition<any> | undefined'.
              Type '{ duration: number; ease: number[]; }' is not assignable to type 'TransitionWithValueOverrides<any>'.
                Type '{ duration: number; ease: number[]; }' is not assignable to type 'ValueAnimationTransition<any>'.
                  Types of property 'ease' are incompatible.
                    Type 'number[]' is not assignable to type 'Easing | Easing[] | undefined'.
                      Type 'number[]' is not assignable to type 'EasingFunction | Easing[]'.
                        Type 'number[]' is not assignable to type 'Easing[]'.
                          Type 'number' is not assignable to type 'Easing'.
src/components/settings/ApiSettingsView.tsx(507,13): error TS2322: Type '{ hidden: { opacity: number; y: number; }; visible: { opacity: number; y: number; transition: { duration: number; ease: number[]; }; }; }' is not assignable to type 'Variants'.
  Property 'visible' is incompatible with index signature.
    Type '{ opacity: number; y: number; transition: { duration: number; ease: number[]; }; }' is not assignable to type 'Variant'.
      Type '{ opacity: number; y: number; transition: { duration: number; ease: number[]; }; }' is not assignable to type 'TargetAndTransition'.
        Type '{ opacity: number; y: number; transition: { duration: number; ease: number[]; }; }' is not assignable to type '{ transition?: Transition<any> | undefined; transitionEnd?: ResolvedValues$1 | undefined; }'.
          Types of property 'transition' are incompatible.
            Type '{ duration: number; ease: number[]; }' is not assignable to type 'Transition<any> | undefined'.
              Type '{ duration: number; ease: number[]; }' is not assignable to type 'TransitionWithValueOverrides<any>'.
                Type '{ duration: number; ease: number[]; }' is not assignable to type 'ValueAnimationTransition<any>'.
                  Types of property 'ease' are incompatible.
                    Type 'number[]' is not assignable to type 'Easing | Easing[] | undefined'.
                      Type 'number[]' is not assignable to type 'EasingFunction | Easing[]'.
                        Type 'number[]' is not assignable to type 'Easing[]'.
                          Type 'number' is not assignable to type 'Easing'.
src/components/settings/ApiSettingsView.tsx(519,15): error TS2322: Type '{ hidden: { opacity: number; y: number; }; visible: { opacity: number; y: number; transition: { duration: number; ease: number[]; }; }; }' is not assignable to type 'Variants'.
  Property 'visible' is incompatible with index signature.
    Type '{ opacity: number; y: number; transition: { duration: number; ease: number[]; }; }' is not assignable to type 'Variant'.
      Type '{ opacity: number; y: number; transition: { duration: number; ease: number[]; }; }' is not assignable to type 'TargetAndTransition'.
        Type '{ opacity: number; y: number; transition: { duration: number; ease: number[]; }; }' is not assignable to type '{ transition?: Transition<any> | undefined; transitionEnd?: ResolvedValues$1 | undefined; }'.
          Types of property 'transition' are incompatible.
            Type '{ duration: number; ease: number[]; }' is not assignable to type 'Transition<any> | undefined'.
              Type '{ duration: number; ease: number[]; }' is not assignable to type 'TransitionWithValueOverrides<any>'.
                Type '{ duration: number; ease: number[]; }' is not assignable to type 'ValueAnimationTransition<any>'.
                  Types of property 'ease' are incompatible.
                    Type 'number[]' is not assignable to type 'Easing | Easing[] | undefined'.
                      Type 'number[]' is not assignable to type 'EasingFunction | Easing[]'.
                        Type 'number[]' is not assignable to type 'Easing[]'.
                          Type 'number' is not assignable to type 'Easing'.
src/components/settings/ApiSettingsView.tsx(639,9): error TS2322: Type '{ hidden: { opacity: number; y: number; }; visible: { opacity: number; y: number; transition: { duration: number; ease: number[]; }; }; }' is not assignable to type 'Variants'.
  Property 'visible' is incompatible with index signature.
    Type '{ opacity: number; y: number; transition: { duration: number; ease: number[]; }; }' is not assignable to type 'Variant'.
      Type '{ opacity: number; y: number; transition: { duration: number; ease: number[]; }; }' is not assignable to type 'TargetAndTransition'.
        Type '{ opacity: number; y: number; transition: { duration: number; ease: number[]; }; }' is not assignable to type '{ transition?: Transition<any> | undefined; transitionEnd?: ResolvedValues$1 | undefined; }'.
          Types of property 'transition' are incompatible.
            Type '{ duration: number; ease: number[]; }' is not assignable to type 'Transition<any> | undefined'.
              Type '{ duration: number; ease: number[]; }' is not assignable to type 'TransitionWithValueOverrides<any>'.
                Type '{ duration: number; ease: number[]; }' is not assignable to type 'ValueAnimationTransition<any>'.
                  Types of property 'ease' are incompatible.
                    Type 'number[]' is not assignable to type 'Easing | Easing[] | undefined'.
                      Type 'number[]' is not assignable to type 'EasingFunction | Easing[]'.
                        Type 'number[]' is not assignable to type 'Easing[]'.
                          Type 'number' is not assignable to type 'Easing'.
src/components/settings/ApiSettingsView.tsx(663,9): error TS2322: Type '{ hidden: { opacity: number; y: number; }; visible: { opacity: number; y: number; transition: { duration: number; ease: number[]; }; }; }' is not assignable to type 'Variants'.
  Property 'visible' is incompatible with index signature.
    Type '{ opacity: number; y: number; transition: { duration: number; ease: number[]; }; }' is not assignable to type 'Variant'.
      Type '{ opacity: number; y: number; transition: { duration: number; ease: number[]; }; }' is not assignable to type 'TargetAndTransition'.
        Type '{ opacity: number; y: number; transition: { duration: number; ease: number[]; }; }' is not assignable to type '{ transition?: Transition<any> | undefined; transitionEnd?: ResolvedValues$1 | undefined; }'.
          Types of property 'transition' are incompatible.
            Type '{ duration: number; ease: number[]; }' is not assignable to type 'Transition<any> | undefined'.
              Type '{ duration: number; ease: number[]; }' is not assignable to type 'TransitionWithValueOverrides<any>'.
                Type '{ duration: number; ease: number[]; }' is not assignable to type 'ValueAnimationTransition<any>'.
                  Types of property 'ease' are incompatible.
                    Type 'number[]' is not assignable to type 'Easing | Easing[] | undefined'.
                      Type 'number[]' is not assignable to type 'EasingFunction | Easing[]'.
                        Type 'number[]' is not assignable to type 'Easing[]'.
                          Type 'number' is not assignable to type 'Easing'.
src/components/settings/ApiSettingsView.tsx(680,15): error TS2322: Type '{ hidden: { opacity: number; y: number; }; visible: { opacity: number; y: number; transition: { duration: number; ease: number[]; }; }; }' is not assignable to type 'Variants'.
  Property 'visible' is incompatible with index signature.
    Type '{ opacity: number; y: number; transition: { duration: number; ease: number[]; }; }' is not assignable to type 'Variant'.
      Type '{ opacity: number; y: number; transition: { duration: number; ease: number[]; }; }' is not assignable to type 'TargetAndTransition'.
        Type '{ opacity: number; y: number; transition: { duration: number; ease: number[]; }; }' is not assignable to type '{ transition?: Transition<any> | undefined; transitionEnd?: ResolvedValues$1 | undefined; }'.
          Types of property 'transition' are incompatible.
            Type '{ duration: number; ease: number[]; }' is not assignable to type 'Transition<any> | undefined'.
              Type '{ duration: number; ease: number[]; }' is not assignable to type 'TransitionWithValueOverrides<any>'.
                Type '{ duration: number; ease: number[]; }' is not assignable to type 'ValueAnimationTransition<any>'.
                  Types of property 'ease' are incompatible.
                    Type 'number[]' is not assignable to type 'Easing | Easing[] | undefined'.
                      Type 'number[]' is not assignable to type 'EasingFunction | Easing[]'.
                        Type 'number[]' is not assignable to type 'Easing[]'.
                          Type 'number' is not assignable to type 'Easing'.
src/components/settings/ApiSettingsView.tsx(753,15): error TS2322: Type '{ hidden: { opacity: number; y: number; }; visible: { opacity: number; y: number; transition: { duration: number; ease: number[]; }; }; }' is not assignable to type 'Variants'.
  Property 'visible' is incompatible with index signature.
    Type '{ opacity: number; y: number; transition: { duration: number; ease: number[]; }; }' is not assignable to type 'Variant'.
      Type '{ opacity: number; y: number; transition: { duration: number; ease: number[]; }; }' is not assignable to type 'TargetAndTransition'.
        Type '{ opacity: number; y: number; transition: { duration: number; ease: number[]; }; }' is not assignable to type '{ transition?: Transition<any> | undefined; transitionEnd?: ResolvedValues$1 | undefined; }'.
          Types of property 'transition' are incompatible.
            Type '{ duration: number; ease: number[]; }' is not assignable to type 'Transition<any> | undefined'.
              Type '{ duration: number; ease: number[]; }' is not assignable to type 'TransitionWithValueOverrides<any>'.
                Type '{ duration: number; ease: number[]; }' is not assignable to type 'ValueAnimationTransition<any>'.
                  Types of property 'ease' are incompatible.
                    Type 'number[]' is not assignable to type 'Easing | Easing[] | undefined'.
                      Type 'number[]' is not assignable to type 'EasingFunction | Easing[]'.
                        Type 'number[]' is not assignable to type 'Easing[]'.
                          Type 'number' is not assignable to type 'Easing'.
src/components/settings/ApiSettingsView.tsx(911,11): error TS2322: Type '{ hidden: { opacity: number; y: number; }; visible: { opacity: number; y: number; transition: { duration: number; ease: number[]; }; }; }' is not assignable to type 'Variants'.
  Property 'visible' is incompatible with index signature.
    Type '{ opacity: number; y: number; transition: { duration: number; ease: number[]; }; }' is not assignable to type 'Variant'.
      Type '{ opacity: number; y: number; transition: { duration: number; ease: number[]; }; }' is not assignable to type 'TargetAndTransition'.
        Type '{ opacity: number; y: number; transition: { duration: number; ease: number[]; }; }' is not assignable to type '{ transition?: Transition<any> | undefined; transitionEnd?: ResolvedValues$1 | undefined; }'.
          Types of property 'transition' are incompatible.
            Type '{ duration: number; ease: number[]; }' is not assignable to type 'Transition<any> | undefined'.
              Type '{ duration: number; ease: number[]; }' is not assignable to type 'TransitionWithValueOverrides<any>'.
                Type '{ duration: number; ease: number[]; }' is not assignable to type 'ValueAnimationTransition<any>'.
                  Types of property 'ease' are incompatible.
                    Type 'number[]' is not assignable to type 'Easing | Easing[] | undefined'.
                      Type 'number[]' is not assignable to type 'EasingFunction | Easing[]'.
                        Type 'number[]' is not assignable to type 'Easing[]'.
                          Type 'number' is not assignable to type 'Easing'.
src/components/settings/ApiSettingsView.tsx(1160,19): error TS2345: Argument of type '(prev: { name: string; key: string; baseUrl: string; format: "openai"; budgetLimit: string; tokenLimit: string; managementApiEnabled: boolean; managementToken: string; managementBaseUrl: string; }) => { ...; }' is not assignable to parameter of type 'SetStateAction<{ name: string; key: string; baseUrl: string; format: "openai"; budgetLimit: string; tokenLimit: string; managementApiEnabled: boolean; managementToken: string; managementBaseUrl: string; }>'.
  Type '(prev: { name: string; key: string; baseUrl: string; format: "openai"; budgetLimit: string; tokenLimit: string; managementApiEnabled: boolean; managementToken: string; managementBaseUrl: string; }) => { ...; }' is not assignable to type '(prevState: { name: string; key: string; baseUrl: string; format: "openai"; budgetLimit: string; tokenLimit: string; managementApiEnabled: boolean; managementToken: string; managementBaseUrl: string; }) => { ...; }'.
    Call signature return types '{ name: string; key: string; baseUrl: string; format: "auto" | "openai" | "gemini"; budgetLimit: string; tokenLimit: string; managementApiEnabled: boolean; managementToken: string; managementBaseUrl: string; }' and '{ name: string; key: string; baseUrl: string; format: "openai"; budgetLimit: string; tokenLimit: string; managementApiEnabled: boolean; managementToken: string; managementBaseUrl: string; }' are incompatible.
      The types of 'format' are incompatible between these types.
        Type '"auto" | "openai" | "gemini"' is not assignable to type '"openai"'.
          Type '"auto"' is not assignable to type '"openai"'.
src/components/settings/ApiSettingsView.tsx(1195,14): error TS2554: Expected 2-3 arguments, but got 1.
src/components/settings/ApiSettingsView.tsx(1224,21): error TS2345: Argument of type '{ success: boolean; message?: string | undefined; }' is not assignable to parameter of type 'SetStateAction<{ success: boolean; message: string; } | null>'.
  Type '{ success: boolean; message?: string | undefined; }' is not assignable to type '{ success: boolean; message: string; }'.
    Types of property 'message' are incompatible.
      Type 'string | undefined' is not assignable to type 'string'.
        Type 'undefined' is not assignable to type 'string'.
src/components/settings/ApiSettingsView.tsx(1234,14): error TS2554: Expected 2-3 arguments, but got 1.
src/components/settings/ApiSettingsView.tsx(1238,14): error TS2554: Expected 2-3 arguments, but got 1.
src/components/settings/ApiSettingsView.tsx(1242,14): error TS2554: Expected 2-3 arguments, but got 1.
src/components/settings/ApiSettingsView.tsx(1398,63): error TS2322: Type '"openai" | "gemini"' is not assignable to type '"openai"'.
  Type '"gemini"' is not assignable to type '"openai"'.
src/components/settings/SettingsPanel.tsx(14,8): error TS1192: Module '"C:/Users/Administrator/Downloads/KK-Studio-1.0.0/src/components/settings/AdminSystem"' has no default export.
src/services/image/imagePriorityLoader.ts(1,65): error TS2307: Cannot find module '../hooks/useLazyImage' or its corresponding type declarations.
src/services/image/lodService.ts(8,68): error TS2307: Cannot find module '../services/image/imageQuality' or its corresponding type declarations.
src/services/image/lodService.ts(9,45): error TS2307: Cannot find module '../services/storage/imageStorage' or its corresponding type declarations.
src/services/image/lodService.ts(10,63): error TS2307: Cannot find module '../services/storage/memoryManager' or its corresponding type declarations.
src/services/image/lodService.ts(115,74): error TS2307: Cannot find module '../services/storage/opfsService' or its corresponding type declarations.
src/services/image/lodService.ts(127,63): error TS2307: Cannot find module '../services/storage/storagePreference' or its corresponding type declarations.
src/services/image/lodService.ts(130,64): error TS2307: Cannot find module '../services/storage/fileSystemService' or its corresponding type declarations.
src/services/index.ts(2,68): error TS2307: Cannot find module '../billing/supplierService' or its corresponding type declarations.
src/services/index.ts(3,79): error TS2307: Cannot find module '../api/newApiManagementService' or its corresponding type declarations.
src/services/index.ts(4,78): error TS2307: Cannot find module '../api/AI12APIService' or its corresponding type declarations.
src/services/index.ts(5,69): error TS2307: Cannot find module '../model/modelCaller' or its corresponding type declarations.
src/services/index.ts(8,28): error TS2307: Cannot find module '../auth/keyManager' or its corresponding type declarations.
src/services/index.ts(9,24): error TS2307: Cannot find module '../system/notificationService' or its corresponding type declarations.
